<?php return array (
  0 => 'Symfony\\Bundle\\FrameworkBundle\\Controller\\AbstractController',
  1 => 'App\\Controller\\AnnonceController',
  2 => 'App\\Controller\\Api\\LivreApiController',
  3 => 'App\\Controller\\ArticleController',
  4 => 'App\\Controller\\Articles\\ArticleController',
  5 => 'App\\Controller\\AvisController',
  6 => 'App\\Controller\\CategorieController',
  7 => 'App\\Controller\\DataBaseController',
  8 => 'App\\Controller\\EmpruntController',
  9 => 'App\\Controller\\EntiteController',
  10 => 'App\\Controller\\EntrepriseController',
  11 => 'App\\Controller\\FavorisController',
  12 => 'App\\Controller\\FonctionController',
  13 => 'App\\Controller\\GenreController',
  14 => 'App\\Controller\\IndexController',
  15 => 'App\\Controller\\LienController',
  16 => 'App\\Controller\\PanierController',
  17 => 'App\\Controller\\RubriqueController',
  18 => 'App\\Controller\\Security\\SecurityController',
  19 => 'App\\Controller\\StatistiquesController',
  20 => 'App\\Controller\\TagController',
  21 => 'App\\Controller\\TrancheAgeController',
  22 => 'App\\Controller\\TypeEntiteController',
  23 => 'App\\Controller\\Users\\ProfilController',
  24 => 'App\\Controller\\Users\\UserController',
  25 => 'App\\Entity\\Action',
  26 => 'App\\Entity\\Annonce',
  27 => 'App\\Entity\\Article',
  28 => 'App\\Entity\\Avis',
  29 => 'App\\Entity\\Categorie',
  30 => 'App\\Entity\\Enregistrement',
  31 => 'App\\Entity\\Entite',
  32 => 'App\\Entity\\Entreprise',
  33 => 'App\\Entity\\Favoris',
  34 => 'App\\Entity\\Fonction',
  35 => 'App\\Entity\\Genre',
  36 => 'App\\Entity\\Lien',
  37 => 'App\\Entity\\Panier',
  38 => 'App\\Entity\\Rubrique',
  39 => 'App\\Entity\\Statut',
  40 => 'App\\Entity\\StatutEnregistrement',
  41 => 'App\\Entity\\Tag',
  42 => 'App\\Entity\\TrancheAge',
  43 => 'App\\Entity\\TypeAction',
  44 => 'App\\Entity\\TypeEnregistrement',
  45 => 'App\\Entity\\TypeEntite',
  46 => 'App\\Entity\\TypeLien',
  47 => 'App\\Entity\\User',
  48 => 'App\\Entity\\Videold',
  49 => 'Doctrine\\Bundle\\DoctrineBundle\\Controller\\ProfilerController',
  50 => 'Doctrine\\ORM\\Cache\\Persister\\Entity\\AbstractEntityPersister',
  51 => 'Doctrine\\ORM\\Cache\\Persister\\Entity\\CachedEntityPersister',
  52 => 'Doctrine\\ORM\\Cache\\Persister\\Entity\\NonStrictReadWriteCachedEntityPersister',
  53 => 'Doctrine\\ORM\\Cache\\Persister\\Entity\\ReadOnlyCachedEntityPersister',
  54 => 'Doctrine\\ORM\\Cache\\Persister\\Entity\\ReadWriteCachedEntityPersister',
  55 => 'Doctrine\\ORM\\Persisters\\Entity\\AbstractEntityInheritancePersister',
  56 => 'Doctrine\\ORM\\Persisters\\Entity\\BasicEntityPersister',
  57 => 'Doctrine\\ORM\\Persisters\\Entity\\CachedPersisterContext',
  58 => 'Doctrine\\ORM\\Persisters\\Entity\\EntityPersister',
  59 => 'Doctrine\\ORM\\Persisters\\Entity\\JoinedSubclassPersister',
  60 => 'Doctrine\\ORM\\Persisters\\Entity\\SingleTablePersister',
  61 => 'EasyCorp\\Bundle\\EasyAdminBundle\\Contracts\\Controller\\CrudControllerInterface',
  62 => 'EasyCorp\\Bundle\\EasyAdminBundle\\Contracts\\Controller\\DashboardControllerInterface',
  63 => 'EasyCorp\\Bundle\\EasyAdminBundle\\Controller\\AbstractCrudController',
  64 => 'EasyCorp\\Bundle\\EasyAdminBundle\\Controller\\AbstractDashboardController',
  65 => 'EasyCorp\\Bundle\\EasyAdminBundle\\Controller\\EasyAdminController',
  66 => 'FM\\ElfinderBundle\\Controller\\ElFinderController',
  68 => 'Symfony\\Bundle\\FrameworkBundle\\Controller\\ControllerResolver',
  69 => 'Symfony\\Bundle\\FrameworkBundle\\Controller\\RedirectController',
  70 => 'Symfony\\Bundle\\FrameworkBundle\\Controller\\TemplateController',
  71 => 'Symfony\\Bundle\\WebProfilerBundle\\Controller\\ExceptionPanelController',
  72 => 'Symfony\\Bundle\\WebProfilerBundle\\Controller\\ProfilerController',
  73 => 'Symfony\\Bundle\\WebProfilerBundle\\Controller\\RouterController',
  74 => 'Symfony\\Component\\HttpKernel\\Controller\\ArgumentResolver',
  75 => 'Symfony\\Component\\HttpKernel\\Controller\\ArgumentResolverInterface',
  76 => 'Symfony\\Component\\HttpKernel\\Controller\\ArgumentResolver\\DefaultValueResolver',
  77 => 'Symfony\\Component\\HttpKernel\\Controller\\ArgumentResolver\\NotTaggedControllerValueResolver',
  78 => 'Symfony\\Component\\HttpKernel\\Controller\\ArgumentResolver\\RequestAttributeValueResolver',
  79 => 'Symfony\\Component\\HttpKernel\\Controller\\ArgumentResolver\\RequestValueResolver',
  80 => 'Symfony\\Component\\HttpKernel\\Controller\\ArgumentResolver\\ServiceValueResolver',
  81 => 'Symfony\\Component\\HttpKernel\\Controller\\ArgumentResolver\\SessionValueResolver',
  82 => 'Symfony\\Component\\HttpKernel\\Controller\\ArgumentResolver\\TraceableValueResolver',
  83 => 'Symfony\\Component\\HttpKernel\\Controller\\ArgumentResolver\\VariadicValueResolver',
  84 => 'Symfony\\Component\\HttpKernel\\Controller\\ArgumentValueResolverInterface',
  85 => 'Symfony\\Component\\HttpKernel\\Controller\\ContainerControllerResolver',
  86 => 'Symfony\\Component\\HttpKernel\\Controller\\ControllerReference',
  87 => 'Symfony\\Component\\HttpKernel\\Controller\\ControllerResolver',
  88 => 'Symfony\\Component\\HttpKernel\\Controller\\ControllerResolverInterface',
  89 => 'Symfony\\Component\\HttpKernel\\Controller\\ErrorController',
  90 => 'Symfony\\Component\\HttpKernel\\Controller\\TraceableArgumentResolver',
  91 => 'Symfony\\Component\\HttpKernel\\Controller\\TraceableControllerResolver',
  92 => 'Symfony\\Component\\Security\\Http\\Controller\\UserValueResolver',
);